[0.264s] Invoking command in '/home/akshar/eyrc_hb/hb_task_4/build/my_custom_msgs': /usr/bin/cmake /home/akshar/eyrc_hb/hb_task_4/src/my_custom_msgs -DCMAKE_INSTALL_PREFIX=/home/akshar/eyrc_hb/hb_task_4/install/my_custom_msgs
[0.470s] -- The C compiler identification is GNU 11.4.0
[0.611s] -- The CXX compiler identification is GNU 11.4.0
[0.625s] -- Detecting C compiler ABI info
[0.708s] -- Detecting C compiler ABI info - done
[0.713s] -- Check for working C compiler: /usr/bin/cc - skipped
[0.714s] -- Detecting C compile features
[0.714s] -- Detecting C compile features - done
[0.718s] -- Detecting CXX compiler ABI info
[0.801s] -- Detecting CXX compiler ABI info - done
[0.807s] -- Check for working CXX compiler: /usr/bin/c++ - skipped
[0.807s] -- Detecting CXX compile features
[0.808s] -- Detecting CXX compile features - done
[0.815s] -- Found ament_cmake: 1.3.5 (/opt/ros/humble/share/ament_cmake/cmake)
[0.971s] -- Found Python3: /usr/bin/python3.10 (found version "3.10.12") found components: Interpreter 
[1.063s] -- Found rosidl_default_generators: 1.2.0 (/opt/ros/humble/share/rosidl_default_generators/cmake)
[1.067s] -- Using all available rosidl_typesupport_c: rosidl_typesupport_fastrtps_c;rosidl_typesupport_introspection_c
[1.075s] -- Found rosidl_adapter: 3.1.5 (/opt/ros/humble/share/rosidl_adapter/cmake)
[1.123s] -- Using all available rosidl_typesupport_cpp: rosidl_typesupport_fastrtps_cpp;rosidl_typesupport_introspection_cpp
[1.160s] -- Found ament_lint_auto: 0.12.8 (/opt/ros/humble/share/ament_lint_auto/cmake)
[1.199s] Error parsing '/home/akshar/eyrc_hb/hb_task_4/src/my_custom_msgs/package.xml':
[1.230s] Traceback (most recent call last):
[1.230s]   File "/usr/lib/python3/dist-packages/catkin_pkg/package.py", line 610, in parse_package_string
[1.231s]     root = dom.parseString(data)
[1.231s]   File "/usr/lib/python3.10/xml/dom/minidom.py", line 2000, in parseString
[1.232s]     return expatbuilder.parseString(string)
[1.232s]   File "/usr/lib/python3.10/xml/dom/expatbuilder.py", line 925, in parseString
[1.232s]     return builder.parseString(string)
[1.233s]   File "/usr/lib/python3.10/xml/dom/expatbuilder.py", line 223, in parseString
[1.233s]     parser.Parse(string, True)
[1.233s] xml.parsers.expat.ExpatError: unclosed token: line 2, column 0
[1.233s] 
[1.233s] During handling of the above exception, another exception occurred:
[1.233s] 
[1.233s] Traceback (most recent call last):
[1.233s]   File "/opt/ros/humble/share/ament_cmake_core/cmake/core/package_xml_2_cmake.py", line 150, in <module>
[1.233s]     main()
[1.233s]   File "/opt/ros/humble/share/ament_cmake_core/cmake/core/package_xml_2_cmake.py", line 53, in main
[1.233s]     raise e
[1.233s]   File "/opt/ros/humble/share/ament_cmake_core/cmake/core/package_xml_2_cmake.py", line 49, in main
[1.233s]     package = parse_package_string(
[1.233s]   File "/usr/lib/python3/dist-packages/catkin_pkg/package.py", line 612, in parse_package_string
[1.233s]     raise InvalidPackage('The manifest contains invalid XML:\n%s' % ex, filename)
[1.233s] catkin_pkg.package.InvalidPackage: Error(s) in package '/home/akshar/eyrc_hb/hb_task_4/src/my_custom_msgs/package.xml':
[1.234s] The manifest contains invalid XML:
[1.234s] unclosed token: line 2, column 0
[1.254s] [31mCMake Error at /opt/ros/humble/share/ament_cmake_core/cmake/core/ament_package_xml.cmake:95 (message):
[1.254s]   execute_process(/usr/bin/python3.10
[1.254s]   /opt/ros/humble/share/ament_cmake_core/cmake/core/package_xml_2_cmake.py
[1.254s]   /home/akshar/eyrc_hb/hb_task_4/src/my_custom_msgs/package.xml
[1.254s]   /home/akshar/eyrc_hb/hb_task_4/build/my_custom_msgs/ament_cmake_core/package.cmake)
[1.254s]   returned error code 1
[1.254s] Call Stack (most recent call first):
[1.255s]   /opt/ros/humble/share/ament_cmake_core/cmake/core/ament_package_xml.cmake:49 (_ament_package_xml)
[1.255s]   /opt/ros/humble/share/ament_lint_auto/cmake/ament_lint_auto_find_test_dependencies.cmake:31 (ament_package_xml)
[1.255s]   CMakeLists.txt:21 (ament_lint_auto_find_test_dependencies)
[1.255s] 
[1.255s] [0m
[1.255s] -- Configuring incomplete, errors occurred!
[1.255s] See also "/home/akshar/eyrc_hb/hb_task_4/build/my_custom_msgs/CMakeFiles/CMakeOutput.log".
[1.262s] Invoked command in '/home/akshar/eyrc_hb/hb_task_4/build/my_custom_msgs' returned '1': /usr/bin/cmake /home/akshar/eyrc_hb/hb_task_4/src/my_custom_msgs -DCMAKE_INSTALL_PREFIX=/home/akshar/eyrc_hb/hb_task_4/install/my_custom_msgs
