[0.252s] Invoking command in '/home/akshar/eyrc_hb/hb_task_4/build/my_custom_msgs': /usr/bin/cmake /home/akshar/eyrc_hb/hb_task_4/src/my_custom_msgs -DCMAKE_INSTALL_PREFIX=/home/akshar/eyrc_hb/hb_task_4/install/my_custom_msgs
[0.263s] -- Found ament_cmake: 1.3.5 (/opt/ros/humble/share/ament_cmake/cmake)
[0.372s] -- Found rosidl_default_generators: 1.2.0 (/opt/ros/humble/share/rosidl_default_generators/cmake)
[0.372s] -- Using all available rosidl_typesupport_c: rosidl_typesupport_fastrtps_c;rosidl_typesupport_introspection_c
[0.374s] -- Found rosidl_adapter: 3.1.5 (/opt/ros/humble/share/rosidl_adapter/cmake)
[0.397s] -- Using all available rosidl_typesupport_cpp: rosidl_typesupport_fastrtps_cpp;rosidl_typesupport_introspection_cpp
[0.416s] -- Found ament_lint_auto: 0.12.8 (/opt/ros/humble/share/ament_lint_auto/cmake)
[0.454s] Error parsing '/home/akshar/eyrc_hb/hb_task_4/src/my_custom_msgs/package.xml':
[0.489s] Traceback (most recent call last):
[0.490s]   File "/usr/lib/python3/dist-packages/catkin_pkg/package.py", line 610, in parse_package_string
[0.490s]     root = dom.parseString(data)
[0.490s]   File "/usr/lib/python3.10/xml/dom/minidom.py", line 2000, in parseString
[0.490s]     return expatbuilder.parseString(string)
[0.490s]   File "/usr/lib/python3.10/xml/dom/expatbuilder.py", line 925, in parseString
[0.490s]     return builder.parseString(string)
[0.490s]   File "/usr/lib/python3.10/xml/dom/expatbuilder.py", line 223, in parseString
[0.490s]     parser.Parse(string, True)
[0.490s] xml.parsers.expat.ExpatError: unclosed token: line 2, column 0
[0.490s] 
[0.490s] During handling of the above exception, another exception occurred:
[0.490s] 
[0.490s] Traceback (most recent call last):
[0.490s]   File "/opt/ros/humble/share/ament_cmake_core/cmake/core/package_xml_2_cmake.py", line 150, in <module>
[0.490s]     main()
[0.490s]   File "/opt/ros/humble/share/ament_cmake_core/cmake/core/package_xml_2_cmake.py", line 53, in main
[0.490s]     raise e
[0.490s]   File "/opt/ros/humble/share/ament_cmake_core/cmake/core/package_xml_2_cmake.py", line 49, in main
[0.490s]     package = parse_package_string(
[0.491s]   File "/usr/lib/python3/dist-packages/catkin_pkg/package.py", line 612, in parse_package_string
[0.491s]     raise InvalidPackage('The manifest contains invalid XML:\n%s' % ex, filename)
[0.491s] catkin_pkg.package.InvalidPackage: Error(s) in package '/home/akshar/eyrc_hb/hb_task_4/src/my_custom_msgs/package.xml':
[0.491s] The manifest contains invalid XML:
[0.491s] unclosed token: line 2, column 0
[0.510s] [31mCMake Error at /opt/ros/humble/share/ament_cmake_core/cmake/core/ament_package_xml.cmake:95 (message):
[0.510s]   execute_process(/usr/bin/python3.10
[0.510s]   /opt/ros/humble/share/ament_cmake_core/cmake/core/package_xml_2_cmake.py
[0.510s]   /home/akshar/eyrc_hb/hb_task_4/src/my_custom_msgs/package.xml
[0.510s]   /home/akshar/eyrc_hb/hb_task_4/build/my_custom_msgs/ament_cmake_core/package.cmake)
[0.510s]   returned error code 1
[0.510s] Call Stack (most recent call first):
[0.510s]   /opt/ros/humble/share/ament_cmake_core/cmake/core/ament_package_xml.cmake:49 (_ament_package_xml)
[0.510s]   /opt/ros/humble/share/ament_lint_auto/cmake/ament_lint_auto_find_test_dependencies.cmake:31 (ament_package_xml)
[0.510s]   CMakeLists.txt:21 (ament_lint_auto_find_test_dependencies)
[0.511s] 
[0.511s] [0m
[0.511s] -- Configuring incomplete, errors occurred!
[0.511s] See also "/home/akshar/eyrc_hb/hb_task_4/build/my_custom_msgs/CMakeFiles/CMakeOutput.log".
[0.517s] Invoked command in '/home/akshar/eyrc_hb/hb_task_4/build/my_custom_msgs' returned '1': /usr/bin/cmake /home/akshar/eyrc_hb/hb_task_4/src/my_custom_msgs -DCMAKE_INSTALL_PREFIX=/home/akshar/eyrc_hb/hb_task_4/install/my_custom_msgs
